2024-10-20 14:20:04.874 [info] Log level: Info
2024-10-20 14:20:04.874 [info] Validating found git in: "git"
2024-10-20 14:20:04.874 [info] Using git "2.43.0" from "git"
2024-10-20 14:20:04.874 [info] > git rev-parse --show-toplevel [203ms]
2024-10-20 14:20:04.892 [info] > git rev-parse --git-dir --git-common-dir [4ms]
2024-10-20 14:20:04.920 [info] Open repository: /home/youwantsomethings
2024-10-20 14:20:04.980 [info] > git config --get commit.template [37ms]
2024-10-20 14:20:04.999 [info] > git rev-parse --show-toplevel [23ms]
2024-10-20 14:20:05.051 [info] > git rev-parse --show-toplevel [30ms]
2024-10-20 14:20:05.096 [info] > git rev-parse --show-toplevel [4ms]
2024-10-20 14:20:05.133 [info] > git rev-parse --show-toplevel [10ms]
2024-10-20 14:20:05.167 [info] > git rev-parse --show-toplevel [8ms]
2024-10-20 14:20:05.210 [info] > git rev-parse --show-toplevel [10ms]
2024-10-20 14:20:05.232 [info] > git rev-parse --show-toplevel [4ms]
2024-10-20 14:20:05.249 [info] > git rev-parse --show-toplevel [4ms]
2024-10-20 14:20:05.272 [info] > git rev-parse --show-toplevel [8ms]
2024-10-20 14:20:05.307 [info] > git rev-parse --show-toplevel [8ms]
2024-10-20 14:20:05.335 [info] > git rev-parse --show-toplevel [2ms]
2024-10-20 14:20:05.351 [info] > git rev-parse --show-toplevel [1ms]
2024-10-20 14:20:05.371 [info] > git rev-parse --show-toplevel [4ms]
2024-10-20 14:20:05.387 [info] > git for-each-ref --format=%(refname)%00%(upstream:short)%00%(objectname)%00%(upstream:track)%00%(upstream:remotename)%00%(upstream:remoteref) refs/heads/from-gcp-http refs/remotes/from-gcp-http [393ms]
2024-10-20 14:20:05.426 [info] > git rev-parse --show-toplevel [41ms]
2024-10-20 14:20:05.722 [info] > git ls-files --stage -- /home/youwantsomethings/etl_pipeline_dag.py [249ms]
2024-10-20 14:20:05.727 [info] > git show --textconv :etl_pipeline_dag.py [266ms]
2024-10-20 14:20:05.754 [info] > git check-ignore -v -z --stdin [199ms]
2024-10-20 14:20:12.096 [info] > git status -z -uall [6656ms]
2024-10-20 14:20:12.324 [info] > git merge-base refs/heads/from-gcp-http refs/remotes/origin/from-gcp-http [201ms]
2024-10-20 14:20:12.682 [info] > git rev-list --count --left-right refs/heads/from-gcp-http...refs/remotes/origin/from-gcp-http [338ms]
2024-10-20 14:20:12.704 [info] > git config --get commit.template [386ms]
2024-10-20 14:20:12.733 [info] > git for-each-ref --format=%(refname)%00%(upstream:short)%00%(objectname)%00%(upstream:track)%00%(upstream:remotename)%00%(upstream:remoteref) refs/heads/from-gcp-http refs/remotes/from-gcp-http [6ms]
2024-10-20 14:20:12.734 [info] > git diff --name-status -z --diff-filter=ADMR afe68ac381e045e043e820e3420adc8c3d461ee9...refs/remotes/origin/from-gcp-http [32ms]
2024-10-20 14:20:12.998 [info] > git status -z -uall [235ms]
2024-10-20 14:23:27.233 [info] > git config --get commit.template [21ms]
2024-10-20 14:23:27.233 [info] > git for-each-ref --format=%(refname)%00%(upstream:short)%00%(objectname)%00%(upstream:track)%00%(upstream:remotename)%00%(upstream:remoteref) refs/heads/from-gcp-http refs/remotes/from-gcp-http [3ms]
2024-10-20 14:23:27.445 [info] > git status -z -uall [189ms]
2024-10-20 14:23:28.132 [info] > git fetch [951ms]
2024-10-20 14:23:28.172 [info] > git config --get commit.template [20ms]
2024-10-20 14:23:28.173 [info] > git for-each-ref --format=%(refname)%00%(upstream:short)%00%(objectname)%00%(upstream:track)%00%(upstream:remotename)%00%(upstream:remoteref) refs/heads/from-gcp-http refs/remotes/from-gcp-http [3ms]
2024-10-20 14:23:28.373 [info] > git status -z -uall [181ms]
2024-10-20 14:23:29.555 [info] > git ls-files --stage -- /home/youwantsomethings/etl_pipeline_dag.py [13ms]
2024-10-20 14:23:29.640 [info] > git show --textconv :etl_pipeline_dag.py [11ms]
2024-10-20 14:23:31.729 [info] > git check-ignore -v -z --stdin [16ms]
2024-10-20 14:23:32.498 [info] > git config --get commit.template [21ms]
2024-10-20 14:23:32.500 [info] > git for-each-ref --format=%(refname)%00%(upstream:short)%00%(objectname)%00%(upstream:track)%00%(upstream:remotename)%00%(upstream:remoteref) refs/heads/from-gcp-http refs/remotes/from-gcp-http [3ms]
2024-10-20 14:23:32.699 [info] > git status -z -uall [178ms]
2024-10-20 14:23:37.768 [info] > git config --get commit.template [27ms]
2024-10-20 14:23:37.770 [info] > git for-each-ref --format=%(refname)%00%(upstream:short)%00%(objectname)%00%(upstream:track)%00%(upstream:remotename)%00%(upstream:remoteref) refs/heads/from-gcp-http refs/remotes/from-gcp-http [3ms]
2024-10-20 14:23:37.963 [info] > git status -z -uall [175ms]
2024-10-20 14:27:17.874 [info] > git config --get commit.template [19ms]
2024-10-20 14:27:17.877 [info] > git for-each-ref --format=%(refname)%00%(upstream:short)%00%(objectname)%00%(upstream:track)%00%(upstream:remotename)%00%(upstream:remoteref) refs/heads/from-gcp-http refs/remotes/from-gcp-http [5ms]
2024-10-20 14:27:18.085 [info] > git status -z -uall [187ms]
2024-10-20 14:27:18.459 [info] > git fetch [626ms]
2024-10-20 14:27:18.497 [info] > git config --get commit.template [19ms]
2024-10-20 14:27:18.498 [info] > git for-each-ref --format=%(refname)%00%(upstream:short)%00%(objectname)%00%(upstream:track)%00%(upstream:remotename)%00%(upstream:remoteref) refs/heads/from-gcp-http refs/remotes/from-gcp-http [2ms]
2024-10-20 14:27:18.693 [info] > git status -z -uall [176ms]
2024-10-20 14:27:20.469 [info] > git ls-files --stage -- /home/youwantsomethings/etl_pipeline_dag.py [15ms]
2024-10-20 14:27:20.558 [info] > git show --textconv :etl_pipeline_dag.py [14ms]
2024-10-20 14:27:23.134 [info] > git config --get commit.template [19ms]
2024-10-20 14:27:23.136 [info] > git for-each-ref --format=%(refname)%00%(upstream:short)%00%(objectname)%00%(upstream:track)%00%(upstream:remotename)%00%(upstream:remoteref) refs/heads/from-gcp-http refs/remotes/from-gcp-http [3ms]
2024-10-20 14:27:23.334 [info] > git status -z -uall [178ms]
2024-10-20 14:28:43.590 [info] > git config --get commit.template [19ms]
2024-10-20 14:28:43.592 [info] > git for-each-ref --format=%(refname)%00%(upstream:short)%00%(objectname)%00%(upstream:track)%00%(upstream:remotename)%00%(upstream:remoteref) refs/heads/from-gcp-http refs/remotes/from-gcp-http [4ms]
2024-10-20 14:28:43.795 [info] > git status -z -uall [184ms]
2024-10-20 14:28:48.846 [info] > git config --get commit.template [19ms]
2024-10-20 14:28:48.847 [info] > git for-each-ref --format=%(refname)%00%(upstream:short)%00%(objectname)%00%(upstream:track)%00%(upstream:remotename)%00%(upstream:remoteref) refs/heads/from-gcp-http refs/remotes/from-gcp-http [2ms]
2024-10-20 14:28:49.043 [info] > git status -z -uall [177ms]
2024-10-20 14:28:59.532 [info] > git config --get commit.template [19ms]
2024-10-20 14:28:59.534 [info] > git for-each-ref --format=%(refname)%00%(upstream:short)%00%(objectname)%00%(upstream:track)%00%(upstream:remotename)%00%(upstream:remoteref) refs/heads/from-gcp-http refs/remotes/from-gcp-http [4ms]
2024-10-20 14:28:59.730 [info] > git status -z -uall [177ms]
2024-10-20 15:00:15.458 [info] > git config --get commit.template [20ms]
2024-10-20 15:00:15.460 [info] > git for-each-ref --format=%(refname)%00%(upstream:short)%00%(objectname)%00%(upstream:track)%00%(upstream:remotename)%00%(upstream:remoteref) refs/heads/from-gcp-http refs/remotes/from-gcp-http [3ms]
2024-10-20 15:00:15.663 [info] > git status -z -uall [185ms]
2024-10-20 15:00:16.059 [info] > git fetch [644ms]
2024-10-20 15:00:16.097 [info] > git config --get commit.template [20ms]
2024-10-20 15:00:16.099 [info] > git for-each-ref --format=%(refname)%00%(upstream:short)%00%(objectname)%00%(upstream:track)%00%(upstream:remotename)%00%(upstream:remoteref) refs/heads/from-gcp-http refs/remotes/from-gcp-http [3ms]
2024-10-20 15:00:16.298 [info] > git status -z -uall [180ms]
2024-10-20 15:00:17.630 [info] > git ls-files --stage -- /home/youwantsomethings/etl_pipeline_dag.py [13ms]
2024-10-20 15:00:17.838 [info] > git show --textconv :etl_pipeline_dag.py [11ms]
2024-10-20 15:00:20.713 [info] > git config --get commit.template [21ms]
2024-10-20 15:00:20.715 [info] > git for-each-ref --format=%(refname)%00%(upstream:short)%00%(objectname)%00%(upstream:track)%00%(upstream:remotename)%00%(upstream:remoteref) refs/heads/from-gcp-http refs/remotes/from-gcp-http [3ms]
2024-10-20 15:00:20.911 [info] > git status -z -uall [177ms]
2024-10-20 15:00:44.039 [info] > git config --get commit.template [20ms]
2024-10-20 15:00:44.041 [info] > git for-each-ref --format=%(refname)%00%(upstream:short)%00%(objectname)%00%(upstream:track)%00%(upstream:remotename)%00%(upstream:remoteref) refs/heads/from-gcp-http refs/remotes/from-gcp-http [2ms]
2024-10-20 15:00:44.241 [info] > git status -z -uall [181ms]
2024-10-20 15:00:49.292 [info] > git config --get commit.template [19ms]
2024-10-20 15:00:49.294 [info] > git for-each-ref --format=%(refname)%00%(upstream:short)%00%(objectname)%00%(upstream:track)%00%(upstream:remotename)%00%(upstream:remoteref) refs/heads/from-gcp-http refs/remotes/from-gcp-http [3ms]
2024-10-20 15:00:49.490 [info] > git status -z -uall [175ms]
2024-10-20 15:00:54.538 [info] > git config --get commit.template [20ms]
2024-10-20 15:00:54.540 [info] > git for-each-ref --format=%(refname)%00%(upstream:short)%00%(objectname)%00%(upstream:track)%00%(upstream:remotename)%00%(upstream:remoteref) refs/heads/from-gcp-http refs/remotes/from-gcp-http [3ms]
2024-10-20 15:00:54.736 [info] > git status -z -uall [176ms]
2024-10-20 15:01:20.689 [info] > git config --get commit.template [19ms]
2024-10-20 15:01:20.691 [info] > git for-each-ref --format=%(refname)%00%(upstream:short)%00%(objectname)%00%(upstream:track)%00%(upstream:remotename)%00%(upstream:remoteref) refs/heads/from-gcp-http refs/remotes/from-gcp-http [4ms]
2024-10-20 15:01:20.888 [info] > git status -z -uall [178ms]
2024-10-20 15:03:52.537 [info] > git config --get commit.template [21ms]
2024-10-20 15:03:52.538 [info] > git for-each-ref --format=%(refname)%00%(upstream:short)%00%(objectname)%00%(upstream:track)%00%(upstream:remotename)%00%(upstream:remoteref) refs/heads/from-gcp-http refs/remotes/from-gcp-http [3ms]
2024-10-20 15:03:52.748 [info] > git status -z -uall [188ms]
2024-10-20 15:03:53.135 [info] > git fetch [641ms]
2024-10-20 15:03:53.175 [info] > git config --get commit.template [19ms]
2024-10-20 15:03:53.176 [info] > git for-each-ref --format=%(refname)%00%(upstream:short)%00%(objectname)%00%(upstream:track)%00%(upstream:remotename)%00%(upstream:remoteref) refs/heads/from-gcp-http refs/remotes/from-gcp-http [3ms]
2024-10-20 15:03:53.369 [info] > git status -z -uall [174ms]
2024-10-20 15:03:54.240 [info] > git merge-base refs/heads/from-gcp-http refs/remotes/origin/from-gcp-http [2ms]
2024-10-20 15:03:54.262 [info] > git rev-list --count --left-right refs/heads/from-gcp-http...refs/remotes/origin/from-gcp-http [2ms]
2024-10-20 15:03:54.582 [info] > git ls-files --stage -- /home/youwantsomethings/etl_pipeline_dag.py [14ms]
2024-10-20 15:03:54.666 [info] > git show --textconv :etl_pipeline_dag.py [11ms]
2024-10-20 15:03:55.097 [info] > git check-ignore -v -z --stdin [30ms]
2024-10-20 15:03:57.803 [info] > git config --get commit.template [22ms]
2024-10-20 15:03:57.804 [info] > git for-each-ref --format=%(refname)%00%(upstream:short)%00%(objectname)%00%(upstream:track)%00%(upstream:remotename)%00%(upstream:remoteref) refs/heads/from-gcp-http refs/remotes/from-gcp-http [3ms]
2024-10-20 15:03:58.005 [info] > git status -z -uall [181ms]
2024-10-20 15:04:03.055 [info] > git config --get commit.template [21ms]
2024-10-20 15:04:03.057 [info] > git for-each-ref --format=%(refname)%00%(upstream:short)%00%(objectname)%00%(upstream:track)%00%(upstream:remotename)%00%(upstream:remoteref) refs/heads/from-gcp-http refs/remotes/from-gcp-http [3ms]
2024-10-20 15:04:03.255 [info] > git status -z -uall [178ms]
2024-10-20 15:04:09.004 [info] > git add -A -- . [1666ms]
2024-10-20 15:04:09.384 [info] > git -c user.useConfigOnly=true commit --quiet --allow-empty-message --file - [360ms]
2024-10-20 15:04:09.405 [info] > git config --get commit.template [2ms]
2024-10-20 15:04:09.449 [info] > git config --get commit.template [20ms]
2024-10-20 15:04:09.451 [info] > git for-each-ref --format=%(refname)%00%(upstream:short)%00%(objectname)%00%(upstream:track)%00%(upstream:remotename)%00%(upstream:remoteref) refs/heads/from-gcp-http refs/remotes/from-gcp-http [2ms]
2024-10-20 15:04:09.653 [info] > git status -z -uall [183ms]
2024-10-20 15:04:09.730 [info] > git merge-base refs/heads/from-gcp-http refs/remotes/origin/from-gcp-http [58ms]
2024-10-20 15:04:09.752 [info] > git config --get commit.template [22ms]
2024-10-20 15:04:09.777 [info] > git for-each-ref --format=%(refname)%00%(upstream:short)%00%(objectname)%00%(upstream:track)%00%(upstream:remotename)%00%(upstream:remoteref) refs/heads/from-gcp-http refs/remotes/from-gcp-http [6ms]
2024-10-20 15:04:09.777 [info] > git rev-list --count --left-right refs/heads/from-gcp-http...refs/remotes/origin/from-gcp-http [28ms]
2024-10-20 15:04:09.819 [info] > git diff --name-status -z --diff-filter=ADMR afe68ac381e045e043e820e3420adc8c3d461ee9...refs/remotes/origin/from-gcp-http [22ms]
2024-10-20 15:04:09.945 [info] > git merge-base refs/heads/from-gcp-http refs/remotes/origin/from-gcp-http [3ms]
2024-10-20 15:04:09.968 [info] > git rev-list --count --left-right refs/heads/from-gcp-http...refs/remotes/origin/from-gcp-http [3ms]
2024-10-20 15:04:10.005 [info] > git status -z -uall [187ms]
2024-10-20 15:04:10.594 [info] > git check-ignore -v -z --stdin [12ms]
2024-10-20 15:04:10.893 [info] > git ls-files --stage -- /home/youwantsomethings/etl_pipeline_dag.py [12ms]
2024-10-20 15:04:10.913 [info] > git cat-file -s b44409842a4c09557d3324e9304473231cf71020 [2ms]
2024-10-20 15:04:11.044 [info] > git show --textconv :etl_pipeline_dag.py [13ms]
2024-10-20 15:04:15.658 [info] > git push origin from-gcp-http:from-gcp-http [5951ms]
2024-10-20 15:04:15.658 [info] To https://github.com/Vinipallakki/df_from_gcp.git
   afe68ac3..13ec07fc  from-gcp-http -> from-gcp-http
2024-10-20 15:04:15.697 [info] > git config --get commit.template [20ms]
2024-10-20 15:04:15.699 [info] > git for-each-ref --format=%(refname)%00%(upstream:short)%00%(objectname)%00%(upstream:track)%00%(upstream:remotename)%00%(upstream:remoteref) refs/heads/from-gcp-http refs/remotes/from-gcp-http [2ms]
2024-10-20 15:04:15.900 [info] > git status -z -uall [183ms]
2024-10-20 15:04:15.928 [info] > git merge-base refs/heads/from-gcp-http refs/remotes/origin/from-gcp-http [9ms]
2024-10-20 15:04:15.948 [info] > git rev-list --count --left-right refs/heads/from-gcp-http...refs/remotes/origin/from-gcp-http [3ms]
2024-10-20 15:04:15.971 [info] > git diff --name-status -z --diff-filter=ADMR 13ec07fc6d67644bb8177308efec2077e27b9b88...refs/remotes/origin/from-gcp-http [3ms]
2024-10-20 15:04:16.031 [info] > git merge-base refs/heads/from-gcp-http refs/remotes/origin/from-gcp-http [25ms]
2024-10-20 15:04:16.051 [info] > git config --get commit.template [21ms]
2024-10-20 15:04:16.071 [info] > git rev-list --count --left-right refs/heads/from-gcp-http...refs/remotes/origin/from-gcp-http [21ms]
2024-10-20 15:04:16.073 [info] > git for-each-ref --format=%(refname)%00%(upstream:short)%00%(objectname)%00%(upstream:track)%00%(upstream:remotename)%00%(upstream:remoteref) refs/heads/from-gcp-http refs/remotes/from-gcp-http [3ms]
2024-10-20 15:04:16.277 [info] > git status -z -uall [186ms]
2024-10-20 15:04:16.740 [info] > git check-ignore -v -z --stdin [11ms]
2024-10-20 15:04:17.078 [info] > git ls-files --stage -- /home/youwantsomethings/etl_pipeline_dag.py [13ms]
2024-10-20 15:04:17.099 [info] > git cat-file -s b44409842a4c09557d3324e9304473231cf71020 [3ms]
2024-10-20 15:04:17.195 [info] > git show --textconv :etl_pipeline_dag.py [12ms]
2024-10-20 15:04:19.102 [info] > git config --get commit.template [20ms]
2024-10-20 15:04:19.103 [info] > git for-each-ref --format=%(refname)%00%(upstream:short)%00%(objectname)%00%(upstream:track)%00%(upstream:remotename)%00%(upstream:remoteref) refs/heads/from-gcp-http refs/remotes/from-gcp-http [2ms]
2024-10-20 15:04:19.310 [info] > git status -z -uall [186ms]
2024-10-20 15:04:25.107 [info] > git config --get commit.template [20ms]
2024-10-20 15:04:25.109 [info] > git for-each-ref --format=%(refname)%00%(upstream:short)%00%(objectname)%00%(upstream:track)%00%(upstream:remotename)%00%(upstream:remoteref) refs/heads/from-gcp-http refs/remotes/from-gcp-http [3ms]
2024-10-20 15:04:25.307 [info] > git status -z -uall [179ms]
2024-10-20 15:04:27.451 [info] > git show --textconv :https_operators_demo_dag.py [27ms]
2024-10-20 15:04:27.457 [info] > git ls-files --stage -- /home/youwantsomethings/https_operators_demo_dag.py [14ms]
2024-10-20 15:04:27.477 [info] > git cat-file -s c27d53a46971c14514385134f9d857c9f5375d80 [2ms]
2024-10-20 15:04:30.353 [info] > git config --get commit.template [21ms]
2024-10-20 15:04:30.354 [info] > git for-each-ref --format=%(refname)%00%(upstream:short)%00%(objectname)%00%(upstream:track)%00%(upstream:remotename)%00%(upstream:remoteref) refs/heads/from-gcp-http refs/remotes/from-gcp-http [3ms]
2024-10-20 15:04:30.577 [info] > git status -z -uall [204ms]
2024-10-20 15:04:30.964 [info] > git ls-files --stage -- /home/youwantsomethings/stock_data.json [14ms]
2024-10-20 15:04:30.984 [info] > git show --textconv :stock_data.json [58ms]
2024-10-20 15:04:30.985 [info] > git cat-file -s 0ccaf0fa7064b96b856b2d7ba7c61cf6d25fd8cd [2ms]
2024-10-20 15:04:33.557 [info] > git show --textconv :https_operators_demo_dag.py [21ms]
2024-10-20 15:04:33.571 [info] > git ls-files --stage -- /home/youwantsomethings/https_operators_demo_dag.py [16ms]
2024-10-20 15:04:33.591 [info] > git cat-file -s c27d53a46971c14514385134f9d857c9f5375d80 [2ms]
2024-10-20 15:04:35.621 [info] > git config --get commit.template [20ms]
2024-10-20 15:04:35.622 [info] > git for-each-ref --format=%(refname)%00%(upstream:short)%00%(objectname)%00%(upstream:track)%00%(upstream:remotename)%00%(upstream:remoteref) refs/heads/from-gcp-http refs/remotes/from-gcp-http [3ms]
2024-10-20 15:04:35.819 [info] > git status -z -uall [177ms]
2024-10-20 15:04:36.287 [info] > git show --textconv :etl_pipeline_dag.py [20ms]
2024-10-20 15:04:36.299 [info] > git ls-files --stage -- /home/youwantsomethings/etl_pipeline_dag.py [13ms]
2024-10-20 15:04:36.319 [info] > git cat-file -s b44409842a4c09557d3324e9304473231cf71020 [2ms]
2024-10-20 15:04:40.861 [info] > git config --get commit.template [20ms]
2024-10-20 15:04:40.863 [info] > git for-each-ref --format=%(refname)%00%(upstream:short)%00%(objectname)%00%(upstream:track)%00%(upstream:remotename)%00%(upstream:remoteref) refs/heads/from-gcp-http refs/remotes/from-gcp-http [2ms]
2024-10-20 15:04:41.070 [info] > git status -z -uall [187ms]
2024-10-20 15:04:42.859 [info] > git check-ignore -v -z --stdin [14ms]
2024-10-20 15:04:46.116 [info] > git config --get commit.template [24ms]
2024-10-20 15:04:46.118 [info] > git for-each-ref --format=%(refname)%00%(upstream:short)%00%(objectname)%00%(upstream:track)%00%(upstream:remotename)%00%(upstream:remoteref) refs/heads/from-gcp-http refs/remotes/from-gcp-http [3ms]
2024-10-20 15:04:46.310 [info] > git status -z -uall [173ms]
2024-10-20 15:04:51.409 [info] > git config --get commit.template [43ms]
2024-10-20 15:04:51.413 [info] > git for-each-ref --format=%(refname)%00%(upstream:short)%00%(objectname)%00%(upstream:track)%00%(upstream:remotename)%00%(upstream:remoteref) refs/heads/from-gcp-http refs/remotes/from-gcp-http [4ms]
2024-10-20 15:04:51.877 [info] > git status -z -uall [430ms] (cancelled)
2024-10-20 15:04:53.799 [info] > git check-ignore -v -z --stdin [12ms]
2024-10-20 15:04:56.174 [info] > git show --textconv :etl_pipeline_dag.py [28ms]
2024-10-20 15:04:56.188 [info] > git ls-files --stage -- /home/youwantsomethings/etl_pipeline_dag.py [16ms]
2024-10-20 15:04:56.210 [info] > git cat-file -s b44409842a4c09557d3324e9304473231cf71020 [2ms]
2024-10-20 15:04:58.269 [info] > git show --textconv :from-http-gcs.py [35ms]
2024-10-20 15:04:58.272 [info] > git ls-files --stage -- /home/youwantsomethings/from-http-gcs.py [16ms]
2024-10-20 15:04:58.296 [info] > git cat-file -s 39ba13fef1a24bff67ecc5482fa56ed05b47c09c [5ms]
2024-10-20 15:05:00.530 [info] > git show --textconv :input_data.csv [27ms]
2024-10-20 15:05:00.541 [info] > git ls-files --stage -- /home/youwantsomethings/input_data.csv [13ms]
2024-10-20 15:05:00.562 [info] > git cat-file -s 498362e5f6ae3ac7fe295b079b6ad1c45d9a4b08 [2ms]
2024-10-20 15:05:03.475 [info] > git show --textconv :README-cloudshell.txt [32ms]
2024-10-20 15:05:03.487 [info] > git ls-files --stage -- /home/youwantsomethings/README-cloudshell.txt [18ms]
2024-10-20 15:05:03.510 [info] > git cat-file -s 9fa5a74e750d98eb725eca4ca09ba01af2f5cd24 [3ms]
