2024-10-20 14:20:02.707 [info] Extension host with pid 1208 started
2024-10-20 14:20:02.707 [error] Error: EEXIST: file already exists, open '/home/youwantsomethings/.codeoss/data/User/workspaceStorage/-1a8ceb9f/vscode.lock'
2024-10-20 14:20:02.726 [info] Lock '/home/youwantsomethings/.codeoss/data/User/workspaceStorage/-1a8ceb9f/vscode.lock': Could not acquire lock, checking if the file is stale.
2024-10-20 14:20:02.732 [info] Lock '/home/youwantsomethings/.codeoss/data/User/workspaceStorage/-1a8ceb9f/vscode.lock': The pid 1235 appears to be gone.
2024-10-20 14:20:02.732 [info] Lock '/home/youwantsomethings/.codeoss/data/User/workspaceStorage/-1a8ceb9f/vscode.lock': Deleting a stale lock.
2024-10-20 14:20:02.756 [info] Lock '/home/youwantsomethings/.codeoss/data/User/workspaceStorage/-1a8ceb9f/vscode.lock': Lock acquired.
2024-10-20 14:20:02.857 [info] ExtensionService#_doActivateExtension vscode.emmet, startup: false, activationEvent: 'onLanguage'
2024-10-20 14:20:02.860 [info] ExtensionService#_doActivateExtension ms-python.python, startup: false, activationEvent: 'onLanguage:python'
2024-10-20 14:20:03.831 [info] ExtensionService#_doActivateExtension vscode.git-base, startup: true, activationEvent: '*', root cause: vscode.git
2024-10-20 14:20:03.983 [info] ExtensionService#_doActivateExtension vscode.git, startup: true, activationEvent: '*'
2024-10-20 14:20:03.983 [info] ExtensionService#_doActivateExtension vscode.github, startup: true, activationEvent: '*'
2024-10-20 14:20:08.998 [info] Eager extensions activated
2024-10-20 14:20:08.999 [info] ExtensionService#_doActivateExtension EditorConfig.EditorConfig, startup: false, activationEvent: 'onStartupFinished'
2024-10-20 14:20:09.001 [info] ExtensionService#_doActivateExtension google.cloud-shell, startup: false, activationEvent: 'onStartupFinished'
2024-10-20 14:20:09.001 [info] ExtensionService#_doActivateExtension googlecloudtools.cloudcode, startup: false, activationEvent: 'onStartupFinished'
2024-10-20 14:20:09.002 [info] ExtensionService#_doActivateExtension vscode.debug-auto-launch, startup: false, activationEvent: 'onStartupFinished'
2024-10-20 14:20:09.002 [info] ExtensionService#_doActivateExtension vscode.merge-conflict, startup: false, activationEvent: 'onStartupFinished'
2024-10-20 14:20:12.456 [info] ExtensionService#_doActivateExtension vscode.github-authentication, startup: false, activationEvent: 'onAuthenticationRequest:github'
2024-10-20 14:20:12.459 [info] ExtensionService#_doActivateExtension vscode.json-language-features, startup: false, activationEvent: 'onLanguage:jsonc'
2024-10-20 14:20:12.459 [info] ExtensionService#_doActivateExtension vscode.typescript-language-features, startup: false, activationEvent: 'onLanguage:jsonc'
2024-10-20 15:04:30.382 [info] ExtensionService#_doActivateExtension vscode.extension-editing, startup: false, activationEvent: 'onLanguage:json'
2024-10-20 15:04:30.382 [info] ExtensionService#_doActivateExtension vscode.npm, startup: false, activationEvent: 'onLanguage:json'
2024-10-20 15:04:58.029 [error] [ms-python.python] provider FAILED
2024-10-20 15:04:58.054 [error] Error: TypeError: Traceback (most recent call last):
  File "/google/devshell/editor/code-oss-for-cloud-shell/extensions/ms-python.python/python_files/lib/jedilsp/jedi/inference/compiled/subprocess/__init__.py", line 343, in listen
    result = False, None, self._run(*payload)
                          ^^^^^^^^^^^^^^^^^^^
  File "/google/devshell/editor/code-oss-for-cloud-shell/extensions/ms-python.python/python_files/lib/jedilsp/jedi/inference/compiled/subprocess/__init__.py", line 324, in _run
    return function(inference_state, *args, **kwargs)
           ^^^^^^^^^^^^^^^^^^^^^^^^^^^^^^^^^^^^^^^^^^
  File "/google/devshell/editor/code-oss-for-cloud-shell/extensions/ms-python.python/python_files/lib/jedilsp/jedi/inference/compiled/subprocess/functions.py", line 26, in get_compiled_method_return
    return getattr(handle.access, attribute)(*args, **kwargs)
           ^^^^^^^^^^^^^^^^^^^^^^^^^^^^^^^^^^^^^^^^^^^^^^^^^^
  File "/google/devshell/editor/code-oss-for-cloud-shell/extensions/ms-python.python/python_files/lib/jedilsp/jedi/inference/compiled/access.py", line 186, in py__file__
    return Path(self._obj.__file__)
           ^^^^^^^^^^^^^^^^^^^^^^^^
  File "/usr/lib/python3.12/pathlib.py", line 1164, in __init__
    super().__init__(*args)
  File "/usr/lib/python3.12/pathlib.py", line 373, in __init__
    raise TypeError(
TypeError: argument should be a str or an os.PathLike object where __fspath__ returns a str, not 'NoneType'
    at ae (/google/devshell/editor/code-oss-for-cloud-shell/extensions/ms-python.python/out/client/extension.js:2:2306827)
    at oe (/google/devshell/editor/code-oss-for-cloud-shell/extensions/ms-python.python/out/client/extension.js:2:2304787)
    at Immediate.<anonymous> (/google/devshell/editor/code-oss-for-cloud-shell/extensions/ms-python.python/out/client/extension.js:2:2301081)
    at processImmediate (node:internal/timers:476:21)
2024-10-20 15:04:58.295 [error] [ms-python.python] provider FAILED
2024-10-20 15:04:58.296 [error] Error: TypeError: Traceback (most recent call last):
  File "/google/devshell/editor/code-oss-for-cloud-shell/extensions/ms-python.python/python_files/lib/jedilsp/jedi/inference/compiled/subprocess/__init__.py", line 343, in listen
    result = False, None, self._run(*payload)
                          ^^^^^^^^^^^^^^^^^^^
  File "/google/devshell/editor/code-oss-for-cloud-shell/extensions/ms-python.python/python_files/lib/jedilsp/jedi/inference/compiled/subprocess/__init__.py", line 324, in _run
    return function(inference_state, *args, **kwargs)
           ^^^^^^^^^^^^^^^^^^^^^^^^^^^^^^^^^^^^^^^^^^
  File "/google/devshell/editor/code-oss-for-cloud-shell/extensions/ms-python.python/python_files/lib/jedilsp/jedi/inference/compiled/subprocess/functions.py", line 26, in get_compiled_method_return
    return getattr(handle.access, attribute)(*args, **kwargs)
           ^^^^^^^^^^^^^^^^^^^^^^^^^^^^^^^^^^^^^^^^^^^^^^^^^^
  File "/google/devshell/editor/code-oss-for-cloud-shell/extensions/ms-python.python/python_files/lib/jedilsp/jedi/inference/compiled/access.py", line 186, in py__file__
    return Path(self._obj.__file__)
           ^^^^^^^^^^^^^^^^^^^^^^^^
  File "/usr/lib/python3.12/pathlib.py", line 1164, in __init__
    super().__init__(*args)
  File "/usr/lib/python3.12/pathlib.py", line 373, in __init__
    raise TypeError(
TypeError: argument should be a str or an os.PathLike object where __fspath__ returns a str, not 'NoneType'
    at ae (/google/devshell/editor/code-oss-for-cloud-shell/extensions/ms-python.python/out/client/extension.js:2:2306827)
    at oe (/google/devshell/editor/code-oss-for-cloud-shell/extensions/ms-python.python/out/client/extension.js:2:2304787)
    at Immediate.<anonymous> (/google/devshell/editor/code-oss-for-cloud-shell/extensions/ms-python.python/out/client/extension.js:2:2301081)
    at processImmediate (node:internal/timers:476:21)
