2024-11-12 07:27:09.670 [info] Log level: Info
2024-11-12 07:27:09.670 [info] Validating found git in: "git"
2024-11-12 07:27:09.670 [info] Using git "2.43.0" from "git"
2024-11-12 07:27:09.697 [info] > git rev-parse --show-toplevel [30ms]
2024-11-12 07:27:09.714 [info] > git rev-parse --git-dir --git-common-dir [5ms]
2024-11-12 07:27:09.750 [info] Open repository: /home/youwantsomethings
2024-11-12 07:27:09.771 [info] > git config --get commit.template [9ms]
2024-11-12 07:27:09.772 [info] > git rev-parse --show-toplevel [4ms]
2024-11-12 07:27:09.791 [info] > git rev-parse --show-toplevel [1ms]
2024-11-12 07:27:09.800 [info] > git rev-parse --show-toplevel [2ms]
2024-11-12 07:27:09.815 [info] > git rev-parse --show-toplevel [6ms]
2024-11-12 07:27:09.825 [info] > git rev-parse --show-toplevel [2ms]
2024-11-12 07:27:09.835 [info] > git rev-parse --show-toplevel [4ms]
2024-11-12 07:27:09.847 [info] > git rev-parse --show-toplevel [2ms]
2024-11-12 07:27:09.855 [info] > git rev-parse --show-toplevel [1ms]
2024-11-12 07:27:09.862 [info] > git rev-parse --show-toplevel [2ms]
2024-11-12 07:27:09.871 [info] > git rev-parse --show-toplevel [2ms]
2024-11-12 07:27:09.880 [info] > git rev-parse --show-toplevel [2ms]
2024-11-12 07:27:10.204 [info] > git for-each-ref --format=%(refname)%00%(upstream:short)%00%(objectname)%00%(upstream:track)%00%(upstream:remotename)%00%(upstream:remoteref) refs/heads/from-gcp-http refs/remotes/from-gcp-http [423ms]
2024-11-12 07:27:10.531 [info] > git check-ignore -v -z --stdin [199ms]
2024-11-12 07:27:14.171 [info] > git status -z -uall [3958ms] (cancelled)
2024-11-12 07:31:26.515 [info] > git check-ignore -v -z --stdin [11ms]
2024-11-12 07:31:34.673 [info] > git check-ignore -v -z --stdin [16ms]
2024-11-12 07:31:35.408 [info] > git check-ignore -v -z --stdin [11ms]
2024-11-12 07:32:04.628 [info] > git merge-base refs/heads/from-gcp-http refs/remotes/origin/from-gcp-http [3097ms]
2024-11-12 07:32:04.711 [info] > git config --get commit.template [87ms]
2024-11-12 07:32:04.712 [info] > git merge-base refs/heads/from-gcp-http refs/remotes/origin/from-gcp-http [503ms]
2024-11-12 07:32:04.764 [info] > git for-each-ref --format=%(refname)%00%(upstream:short)%00%(objectname)%00%(upstream:track)%00%(upstream:remotename)%00%(upstream:remoteref) refs/heads/from-gcp-http refs/remotes/from-gcp-http [2ms]
2024-11-12 07:32:04.788 [info] > git rev-list --count --left-right refs/heads/from-gcp-http...refs/remotes/origin/from-gcp-http [50ms]
2024-11-12 07:32:04.789 [info] > git rev-list --count --left-right refs/heads/from-gcp-http...refs/remotes/origin/from-gcp-http [137ms]
2024-11-12 07:32:04.828 [info] > git diff --name-status -z --diff-filter=ADMR 13ec07fc6d67644bb8177308efec2077e27b9b88...refs/remotes/origin/from-gcp-http [7ms]
2024-11-12 07:32:07.521 [info] > git status -z -uall [2735ms] (cancelled)
2024-11-12 07:32:08.175 [info] > git show --textconv :mains.py [40ms]
2024-11-12 07:32:08.178 [info] > git ls-files --stage -- /home/youwantsomethings/mains.py [15ms]
2024-11-12 07:32:08.719 [info] > git check-ignore -v -z --stdin [24ms]
2024-11-12 07:32:09.709 [info] > git show --textconv :main.py [72ms]
2024-11-12 07:32:09.714 [info] > git ls-files --stage -- /home/youwantsomethings/main.py [50ms]
2024-11-12 07:32:18.132 [info] > git check-ignore -v -z --stdin [10ms]
2024-11-12 07:32:33.514 [info] > git check-ignore -v -z --stdin [87ms]
